Copyright 1986-2022 Xilinx, Inc. All Rights Reserved. Copyright 2022-2023 Advanced Micro Devices, Inc. All Rights Reserved.
------------------------------------------------------------------------------------------------------------------------------------------------------------------------------------------------------
| Tool Version : Vivado v.2023.1 (win64) Build 3865809 Sun May  7 15:05:29 MDT 2023
| Date         : Sat Jan  4 15:34:44 2025
| Host         : DESKTOP-BNN7EGG running 64-bit major release  (build 9200)
| Command      : report_timing_summary -max_paths 10 -report_unconstrained -file Top_timing_summary_routed.rpt -pb Top_timing_summary_routed.pb -rpx Top_timing_summary_routed.rpx -warn_on_violation
| Design       : Top
| Device       : 7z010-clg400
| Speed File   : -1  PRODUCTION 1.12 2019-11-22
| Design State : Routed
------------------------------------------------------------------------------------------------------------------------------------------------------------------------------------------------------

Timing Summary Report

------------------------------------------------------------------------------------------------
| Timer Settings
| --------------
------------------------------------------------------------------------------------------------

  Enable Multi Corner Analysis               :  Yes
  Enable Pessimism Removal                   :  Yes
  Pessimism Removal Resolution               :  Nearest Common Node
  Enable Input Delay Default Clock           :  No
  Enable Preset / Clear Arcs                 :  No
  Disable Flight Delays                      :  No
  Ignore I/O Paths                           :  No
  Timing Early Launch at Borrowing Latches   :  No
  Borrow Time for Max Delay Exceptions       :  Yes
  Merge Timing Exceptions                    :  Yes

  Corner  Analyze    Analyze    
  Name    Max Paths  Min Paths  
  ------  ---------  ---------  
  Slow    Yes        Yes        
  Fast    Yes        Yes        


------------------------------------------------------------------------------------------------
| Report Methodology
| ------------------
------------------------------------------------------------------------------------------------

Rule    Severity  Description                                           Violations  
------  --------  ----------------------------------------------------  ----------  
XDCC-4  Warning   User Clock constraint overwritten with the same name  1           

Note: This report is based on the most recent report_methodology run and may not be up-to-date. Run report_methodology on the current design for the latest report.



check_timing report

Table of Contents
-----------------
1. checking no_clock (0)
2. checking constant_clock (0)
3. checking pulse_width_clock (0)
4. checking unconstrained_internal_endpoints (0)
5. checking no_input_delay (0)
6. checking no_output_delay (0)
7. checking multiple_clock (0)
8. checking generated_clocks (0)
9. checking loops (0)
10. checking partial_input_delay (3)
11. checking partial_output_delay (4)
12. checking latch_loops (0)

1. checking no_clock (0)
------------------------
 There are 0 register/latch pins with no clock.


2. checking constant_clock (0)
------------------------------
 There are 0 register/latch pins with constant_clock.


3. checking pulse_width_clock (0)
---------------------------------
 There are 0 register/latch pins which need pulse_width check


4. checking unconstrained_internal_endpoints (0)
------------------------------------------------
 There are 0 pins that are not constrained for maximum delay.

 There are 0 pins that are not constrained for maximum delay due to constant clock.


5. checking no_input_delay (0)
------------------------------
 There are 0 input ports with no input delay specified.

 There are 0 input ports with no input delay but user has a false path constraint.


6. checking no_output_delay (0)
-------------------------------
 There are 0 ports with no output delay specified.

 There are 0 ports with no output delay but user has a false path constraint

 There are 0 ports with no output delay but with a timing clock defined on it or propagating through it


7. checking multiple_clock (0)
------------------------------
 There are 0 register/latch pins with multiple clocks.


8. checking generated_clocks (0)
--------------------------------
 There are 0 generated clocks that are not connected to a clock source.


9. checking loops (0)
---------------------
 There are 0 combinational loops in the design.


10. checking partial_input_delay (3)
------------------------------------
 There are 3 input ports with partial input delay specified. (HIGH)


11. checking partial_output_delay (4)
-------------------------------------
 There are 4 ports with partial output delay specified. (HIGH)


12. checking latch_loops (0)
----------------------------
 There are 0 combinational latch loops in the design through latch input



------------------------------------------------------------------------------------------------
| Design Timing Summary
| ---------------------
------------------------------------------------------------------------------------------------

    WNS(ns)      TNS(ns)  TNS Failing Endpoints  TNS Total Endpoints      WHS(ns)      THS(ns)  THS Failing Endpoints  THS Total Endpoints     WPWS(ns)     TPWS(ns)  TPWS Failing Endpoints  TPWS Total Endpoints  
    -------      -------  ---------------------  -------------------      -------      -------  ---------------------  -------------------     --------     --------  ----------------------  --------------------  
         NA           NA                     NA                   NA          inf        0.000                      0                    4           NA           NA                      NA                    NA  


All user specified timing constraints are met.


------------------------------------------------------------------------------------------------
| Clock Summary
| -------------
------------------------------------------------------------------------------------------------

Clock   Waveform(ns)         Period(ns)      Frequency(MHz)
-----   ------------         ----------      --------------
clock1  {0.000 0.750}        1.500           666.667         


------------------------------------------------------------------------------------------------
| Intra Clock Table
| -----------------
------------------------------------------------------------------------------------------------

Clock             WNS(ns)      TNS(ns)  TNS Failing Endpoints  TNS Total Endpoints      WHS(ns)      THS(ns)  THS Failing Endpoints  THS Total Endpoints     WPWS(ns)     TPWS(ns)  TPWS Failing Endpoints  TPWS Total Endpoints  
-----             -------      -------  ---------------------  -------------------      -------      -------  ---------------------  -------------------     --------     --------  ----------------------  --------------------  


------------------------------------------------------------------------------------------------
| Inter Clock Table
| -----------------
------------------------------------------------------------------------------------------------

From Clock    To Clock          WNS(ns)      TNS(ns)  TNS Failing Endpoints  TNS Total Endpoints      WHS(ns)      THS(ns)  THS Failing Endpoints  THS Total Endpoints  
----------    --------          -------      -------  ---------------------  -------------------      -------      -------  ---------------------  -------------------  


------------------------------------------------------------------------------------------------
| Other Path Groups Table
| -----------------------
------------------------------------------------------------------------------------------------

Path Group    From Clock    To Clock          WNS(ns)      TNS(ns)  TNS Failing Endpoints  TNS Total Endpoints      WHS(ns)      THS(ns)  THS Failing Endpoints  THS Total Endpoints  
----------    ----------    --------          -------      -------  ---------------------  -------------------      -------      -------  ---------------------  -------------------  


------------------------------------------------------------------------------------------------
| User Ignored Path Table
| -----------------------
------------------------------------------------------------------------------------------------

Path Group    From Clock    To Clock    
----------    ----------    --------    


------------------------------------------------------------------------------------------------
| Unconstrained Path Table
| ------------------------
------------------------------------------------------------------------------------------------

Path Group    From Clock    To Clock    
----------    ----------    --------    
(none)        clock1                      


------------------------------------------------------------------------------------------------
| Timing Details
| --------------
------------------------------------------------------------------------------------------------


--------------------------------------------------------------------------------------
Path Group:  (none)
From Clock:  clock1
  To Clock:  

Max Delay             0 Endpoints
Min Delay             4 Endpoints
--------------------------------------------------------------------------------------


Min Delay Paths
--------------------------------------------------------------------------------------
Slack:                    inf
  Source:                 ctrl[0]
                            (input port clocked by clock1  {rise@0.000ns fall@0.750ns period=1.500ns})
  Destination:            led[1]
                            (output port)
  Path Group:             (none)
  Path Type:              Min at Fast Process Corner
  Data Path Delay:        2.370ns  (logic 1.505ns (63.521%)  route 0.865ns (36.479%))
  Logic Levels:           3  (IBUF=1 LUT3=1 OBUF=1)
  Input Delay:            3.000ns
  Clock Uncertainty:      0.025ns  ((TSJ^2 + TIJ^2)^1/2 + DJ) / 2 + PE
    Total System Jitter     (TSJ):    0.050ns
    Total Input Jitter      (TIJ):    0.000ns
    Discrete Jitter          (DJ):    0.000ns
    Phase Error              (PE):    0.000ns

    Location             Delay type                Incr(ns)  Path(ns)    Netlist Resource(s)
  -------------------------------------------------------------------    -------------------
                         (clock clock1 rise edge)     0.000     0.000 r  
                         ideal clock network latency
                                                      0.000     0.000    
                         input delay                  3.000     3.000    
    G15                                               0.000     3.000 r  ctrl[0] (IN)
                         net (fo=0)                   0.000     3.000    ctrl[0]
    G15                  IBUF (Prop_ibuf_I_O)         0.220     3.220 r  ctrl_IBUF[0]_inst/O
                         net (fo=4, routed)           0.533     3.754    ctrl_IBUF[0]
    SLICE_X43Y53         LUT3 (Prop_lut3_I1_O)        0.045     3.799 r  led_OBUF[1]_inst_i_1/O
                         net (fo=1, routed)           0.331     4.130    led_OBUF[1]
    M15                  OBUF (Prop_obuf_I_O)         1.240     5.370 r  led_OBUF[1]_inst/O
                         net (fo=0)                   0.000     5.370    led[1]
    M15                                                               r  led[1] (OUT)
  -------------------------------------------------------------------    -------------------

Slack:                    inf
  Source:                 ctrl[0]
                            (input port clocked by clock1  {rise@0.000ns fall@0.750ns period=1.500ns})
  Destination:            led[0]
                            (output port)
  Path Group:             (none)
  Path Type:              Min at Fast Process Corner
  Data Path Delay:        2.421ns  (logic 1.561ns (64.445%)  route 0.861ns (35.555%))
  Logic Levels:           3  (IBUF=1 LUT3=1 OBUF=1)
  Input Delay:            3.000ns
  Clock Uncertainty:      0.025ns  ((TSJ^2 + TIJ^2)^1/2 + DJ) / 2 + PE
    Total System Jitter     (TSJ):    0.050ns
    Total Input Jitter      (TIJ):    0.000ns
    Discrete Jitter          (DJ):    0.000ns
    Phase Error              (PE):    0.000ns

    Location             Delay type                Incr(ns)  Path(ns)    Netlist Resource(s)
  -------------------------------------------------------------------    -------------------
                         (clock clock1 rise edge)     0.000     0.000 r  
                         ideal clock network latency
                                                      0.000     0.000    
                         input delay                  3.000     3.000    
    G15                                               0.000     3.000 f  ctrl[0] (IN)
                         net (fo=0)                   0.000     3.000    ctrl[0]
    G15                  IBUF (Prop_ibuf_I_O)         0.220     3.220 f  ctrl_IBUF[0]_inst/O
                         net (fo=4, routed)           0.533     3.754    ctrl_IBUF[0]
    SLICE_X43Y53         LUT3 (Prop_lut3_I1_O)        0.046     3.800 r  led_OBUF[0]_inst_i_1/O
                         net (fo=1, routed)           0.328     4.127    led_OBUF[0]
    M14                  OBUF (Prop_obuf_I_O)         1.294     5.421 r  led_OBUF[0]_inst/O
                         net (fo=0)                   0.000     5.421    led[0]
    M14                                                               r  led[0] (OUT)
  -------------------------------------------------------------------    -------------------

Slack:                    inf
  Source:                 ctrl[0]
                            (input port clocked by clock1  {rise@0.000ns fall@0.750ns period=1.500ns})
  Destination:            led[2]
                            (output port)
  Path Group:             (none)
  Path Type:              Min at Fast Process Corner
  Data Path Delay:        2.955ns  (logic 1.452ns (49.152%)  route 1.502ns (50.848%))
  Logic Levels:           3  (IBUF=1 LUT3=1 OBUF=1)
  Input Delay:            3.000ns
  Clock Uncertainty:      0.025ns  ((TSJ^2 + TIJ^2)^1/2 + DJ) / 2 + PE
    Total System Jitter     (TSJ):    0.050ns
    Total Input Jitter      (TIJ):    0.000ns
    Discrete Jitter          (DJ):    0.000ns
    Phase Error              (PE):    0.000ns

    Location             Delay type                Incr(ns)  Path(ns)    Netlist Resource(s)
  -------------------------------------------------------------------    -------------------
                         (clock clock1 rise edge)     0.000     0.000 r  
                         ideal clock network latency
                                                      0.000     0.000    
                         input delay                  3.000     3.000    
    G15                                               0.000     3.000 f  ctrl[0] (IN)
                         net (fo=0)                   0.000     3.000    ctrl[0]
    G15                  IBUF (Prop_ibuf_I_O)         0.220     3.220 f  ctrl_IBUF[0]_inst/O
                         net (fo=4, routed)           0.481     3.702    ctrl_IBUF[0]
    SLICE_X43Y53         LUT3 (Prop_lut3_I0_O)        0.045     3.747 r  led_OBUF[2]_inst_i_1/O
                         net (fo=1, routed)           1.021     4.768    led_OBUF[2]
    G14                  OBUF (Prop_obuf_I_O)         1.187     5.955 r  led_OBUF[2]_inst/O
                         net (fo=0)                   0.000     5.955    led[2]
    G14                                                               r  led[2] (OUT)
  -------------------------------------------------------------------    -------------------

Slack:                    inf
  Source:                 ctrl[0]
                            (input port clocked by clock1  {rise@0.000ns fall@0.750ns period=1.500ns})
  Destination:            led[3]
                            (output port)
  Path Group:             (none)
  Path Type:              Min at Fast Process Corner
  Data Path Delay:        2.993ns  (logic 1.547ns (51.702%)  route 1.446ns (48.298%))
  Logic Levels:           3  (IBUF=1 LUT3=1 OBUF=1)
  Input Delay:            3.000ns
  Clock Uncertainty:      0.025ns  ((TSJ^2 + TIJ^2)^1/2 + DJ) / 2 + PE
    Total System Jitter     (TSJ):    0.050ns
    Total Input Jitter      (TIJ):    0.000ns
    Discrete Jitter          (DJ):    0.000ns
    Phase Error              (PE):    0.000ns

    Location             Delay type                Incr(ns)  Path(ns)    Netlist Resource(s)
  -------------------------------------------------------------------    -------------------
                         (clock clock1 rise edge)     0.000     0.000 r  
                         ideal clock network latency
                                                      0.000     0.000    
                         input delay                  3.000     3.000    
    G15                                               0.000     3.000 r  ctrl[0] (IN)
                         net (fo=0)                   0.000     3.000    ctrl[0]
    G15                  IBUF (Prop_ibuf_I_O)         0.220     3.220 r  ctrl_IBUF[0]_inst/O
                         net (fo=4, routed)           0.481     3.702    ctrl_IBUF[0]
    SLICE_X43Y53         LUT3 (Prop_lut3_I1_O)        0.049     3.751 r  led_OBUF[3]_inst_i_1/O
                         net (fo=1, routed)           0.964     4.715    led_OBUF[3]
    D18                  OBUF (Prop_obuf_I_O)         1.278     5.993 r  led_OBUF[3]_inst/O
                         net (fo=0)                   0.000     5.993    led[3]
    D18                                                               r  led[3] (OUT)
  -------------------------------------------------------------------    -------------------





