Time resolution is 1 ps
			A									B										result							Expected					Correct?
----------------------------------------------------------------------------------------------------------------------------------------------------------------------------
Addition:
00111111100000000000000000000000	01000000000000000000000000000000	00000000100000000000000000000000	01000000010000000000000000000000	0
01000000010000000000000000000000	01000000101000000000000000000000	00000000100000000000000000000000	01000001000000000000000000000000	0
01000000100100000000000000000000	01000000011000000000000000000000	00000000100000000000000000000000	01000001000000000000000000000000	0
00111111000000000000000000000000	00111111110000000000000000000000	00000000100000000000000000000000	01000000000000000000000000000000	0
01000000111010000000000000000000	01000000001100000000000000000000	00000000100000000000000000000000	01000001001000000000000000000000	0
00111111100000000000000000000000	00000000000000000000000000000000	00000000100000000000000000000000	00111111100000000000000000000000	0
01000001001001000000000000000000	01000001001100111101011100001010	00000000100000000000000000000000	01000001101010111110101110000101	0
01000010100111011111000010100100	01000010000010111110000101001000	00000000100000000000000000000000	01000010111000111110000101001000	0
01000010100111011111000100100111	01000010000010111110001001001110	00000000100000000000000000000000	01000010111000111110001001001110	0
Subtraction:
01000000000000000000000000000000	00111111100000000000000000000000	00111111100000000000000000000000	00111111100000000000000000000000	1
01000000101000000000000000000000	01000000010000000000000000000000	01111100100000000000000000000000	01000000000000000000000000000000	0
01000000100100000000000000000000	01000000011000000000000000000000	01000000000000000000000000000000	00111111100000000000000000000000	0
00111111000000000000000000000000	00111111110000000000000000000000	00100110000000000000000000000000	10111111100000000000000000000000	0
Multiplication:
01000000000000000000000000000000	00111111100000000000000000000000	01000000000000000000000000000000	01000000000000000000000000000000	1
01000000010000000000000000000000	01000000101000000000000000000000	01000001011100000000000000000000	01000001011100000000000000000000	1
INFO: xsimkernel Simulation Memory Usage: 734168 KB (Peak: 734168 KB), Simulation CPU Usage: 473999 ms
